R:\Объекты Кап. Ремонты\Московская школа 2026 ОЭК\429 5-я ул Соколиной горы 14_Инд проект\5.1 РД\5.5.3  РТ, оповещ о ЧС Радиотрансляцилнная сеть, оповещ о ЧС\Вер. 1\ред. формат\_3 16-25-Г-П-ИОС5.3 ГЧ.dwg,1. ЗДей,16.06.2026 12:28:03,Panfilov.pa,DWG To PDF.pc3,ISO без полей A2 (420.00 x 594.00 мм),1:1,
R:\Объекты Кап. Ремонты\Московская школа 2026 ОЭК\429 5-я ул Соколиной горы 14_Инд проект\5.1 РД\5.5.3  РТ, оповещ о ЧС Радиотрансляцилнная сеть, оповещ о ЧС\Вер. 1\ред. формат\_3 16-25-Г-П-ИОС5.3 ГЧ.dwg,2. ПРС,16.06.2026 12:28:03,Panfilov.pa,DWG To PDF.pc3,ISO без полей A2 (594.00 x 420.00 мм),1:1,
R:\Объекты Кап. Ремонты\Московская школа 2026 ОЭК\429 5-я ул Соколиной горы 14_Инд проект\5.1 РД\5.5.3  РТ, оповещ о ЧС Радиотрансляцилнная сеть, оповещ о ЧС\Вер. 1\ред. формат\_3 16-25-Г-П-ИОС5.3 ГЧ.dwg,3. СхЭлПит,16.06.2026 12:28:03,Panfilov.pa,DWG To PDF.pc3,ISO без полей A2 (594.00 x 420.00 мм),1:1,
R:\Объекты Кап. Ремонты\Московская школа 2026 ОЭК\429 5-я ул Соколиной горы 14_Инд проект\5.1 РД\5.5.3  РТ, оповещ о ЧС Радиотрансляцилнная сеть, оповещ о ЧС\Вер. 1\ред. формат\_3 16-25-Г-П-ИОС5.3 ГЧ.dwg,4. подвал,16.06.2026 12:28:04,Panfilov.pa,DWG To PDF.pc3,ISO без полей A0 (841.00 x 1189.00 мм),1:1,
R:\Объекты Кап. Ремонты\Московская школа 2026 ОЭК\429 5-я ул Соколиной горы 14_Инд проект\5.1 РД\5.5.3  РТ, оповещ о ЧС Радиотрансляцилнная сеть, оповещ о ЧС\Вер. 1\ред. формат\_3 16-25-Г-П-ИОС5.3 ГЧ.dwg,5. 1 этаж,16.06.2026 12:28:05,Panfilov.pa,DWG To PDF.pc3,ISO без полей A0 (841.00 x 1189.00 мм),1:1,
R:\Объекты Кап. Ремонты\Московская школа 2026 ОЭК\429 5-я ул Соколиной горы 14_Инд проект\5.1 РД\5.5.3  РТ, оповещ о ЧС Радиотрансляцилнная сеть, оповещ о ЧС\Вер. 1\ред. формат\_3 16-25-Г-П-ИОС5.3 ГЧ.dwg,6. 2 этаж,16.06.2026 12:28:07,Panfilov.pa,DWG To PDF.pc3,ISO без полей A0 (841.00 x 1189.00 мм),1:1,
R:\Объекты Кап. Ремонты\Московская школа 2026 ОЭК\429 5-я ул Соколиной горы 14_Инд проект\5.1 РД\5.5.3  РТ, оповещ о ЧС Радиотрансляцилнная сеть, оповещ о ЧС\Вер. 1\ред. формат\_3 16-25-Г-П-ИОС5.3 ГЧ.dwg,7. 3 этаж,16.06.2026 12:28:08,Panfilov.pa,DWG To PDF.pc3,ISO без полей A0 (841.00 x 1189.00 мм),1:1,
R:\Объекты Кап. Ремонты\Московская школа 2026 ОЭК\429 5-я ул Соколиной горы 14_Инд проект\5.1 РД\5.5.3  РТ, оповещ о ЧС Радиотрансляцилнная сеть, оповещ о ЧС\Вер. 1\ред. формат\_3 16-25-Г-П-ИОС5.3 ГЧ.dwg,8. 4 этаж,16.06.2026 12:28:10,Panfilov.pa,DWG To PDF.pc3,ISO без полей A0 (841.00 x 1189.00 мм),1:1,
R:\Объекты Кап. Ремонты\Московская школа 2026 ОЭК\429 5-я ул Соколиной горы 14_Инд проект\5.1 РД\5.5.3  РТ, оповещ о ЧС Радиотрансляцилнная сеть, оповещ о ЧС\Вер. 1\ред. формат\_3 16-25-Г-П-ИОС5.3 ГЧ.dwg,9. тех. этаж,16.06.2026 12:28:11,Panfilov.pa,DWG To PDF.pc3,ISO без полей A0 (841.00 x 1189.00 мм),1:1,
R:\Объекты Кап. Ремонты\Московская школа 2026 ОЭК\429 5-я ул Соколиной горы 14_Инд проект\5.1 РД\5.5.3  РТ, оповещ о ЧС Радиотрансляцилнная сеть, оповещ о ЧС\Вер. 1\ред. формат\_3 16-25-Г-П-ИОС5.3 ГЧ.dwg,10. кровля,16.06.2026 12:28:12,Panfilov.pa,DWG To PDF.pc3,ISO без полей A0 (841.00 x 1189.00 мм),1:1,
R:\Объекты Кап. Ремонты\Московская школа 2026 ОЭК\429 5-я ул Соколиной горы 14_Инд проект\5.1 РД\5.5.3  РТ, оповещ о ЧС Радиотрансляцилнная сеть, оповещ о ЧС\Вер. 1\ред. формат\_3 16-25-Г-П-ИОС5.3 ГЧ.dwg,11.СхКомО,16.06.2026 12:28:12,Panfilov.pa,DWG To PDF.pc3,ISO без полей A2 (594.00 x 420.00 мм),1:1,
R:\Объекты Кап. Ремонты\Московская школа 2026 ОЭК\429 5-я ул Соколиной горы 14_Инд проект\5.1 РД\5.5.3  РТ, оповещ о ЧС Радиотрансляцилнная сеть, оповещ о ЧС\Вер. 1\ред. формат\_3 16-25-Г-П-ИОС5.3 ГЧ.dwg,12. ОСПИ Тандем,16.06.2026 12:28:13,Panfilov.pa,DWG To PDF.pc3,ISO без полей A3 (420.00 x 297.00 мм),1:1,
R:\Объекты Кап. Ремонты\Московская школа 2026 ОЭК\429 5-я ул Соколиной горы 14_Инд проект\5.1 РД\5.5.3  РТ, оповещ о ЧС Радиотрансляцилнная сеть, оповещ о ЧС\Вер. 1\ред. формат\_3 16-25-Г-П-ИОС5.3 ГЧ.dwg,13. УС-1,16.06.2026 12:28:13,Panfilov.pa,DWG To PDF.pc3,ISO без полей A4 (210.00 x 297.00 мм),1:1,
R:\Объекты Кап. Ремонты\Московская школа 2026 ОЭК\429 5-я ул Соколиной горы 14_Инд проект\5.1 РД\5.5.3  РТ, оповещ о ЧС Радиотрансляцилнная сеть, оповещ о ЧС\Вер. 1\ред. формат\_3 16-25-Г-П-ИОС5.3 ГЧ.dwg,14. УППВ,16.06.2026 12:28:14,Panfilov.pa,DWG To PDF.pc3,ISO без полей A3 (420.00 x 297.00 мм),1:1,
R:\Объекты Кап. Ремонты\Московская школа 2026 ОЭК\429 5-я ул Соколиной горы 14_Инд проект\5.1 РД\5.5.3  РТ, оповещ о ЧС Радиотрансляцилнная сеть, оповещ о ЧС\Вер. 1\ред. формат\_3 16-25-Г-П-ИОС5.3 ГЧ.dwg,15. Узлы кр,16.06.2026 12:28:14,Panfilov.pa,DWG To PDF.pc3,ISO без полей A4 (210.00 x 297.00 мм),1:1,
R:\Объекты Кап. Ремонты\Московская школа 2026 ОЭК\429 5-я ул Соколиной горы 14_Инд проект\5.1 РД\5.5.4  СКТ система кабельного телевидения\Вер. 1\ред. формат\_3 16-25-Г-П-ИОС5.4 ГЧ.dwg,1.ОД,17.06.2026 11:00:28,Panfilov.pa,DWG To PDF.pc3,ISO без полей A3 (420.00 x 297.00 мм),1:1,
R:\Объекты Кап. Ремонты\Московская школа 2026 ОЭК\429 5-я ул Соколиной горы 14_Инд проект\5.1 РД\5.5.4  СКТ система кабельного телевидения\Вер. 1\ред. формат\_3 16-25-Г-П-ИОС5.4 ГЧ.dwg,2.ЗДей,17.06.2026 11:00:28,Panfilov.pa,DWG To PDF.pc3,ISO без полей A2 (420.00 x 594.00 мм),1:1,
R:\Объекты Кап. Ремонты\Московская школа 2026 ОЭК\429 5-я ул Соколиной горы 14_Инд проект\5.1 РД\5.5.4  СКТ система кабельного телевидения\Вер. 1\ред. формат\_3 16-25-Г-П-ИОС5.4 ГЧ.dwg,3.УГО,17.06.2026 11:00:30,Panfilov.pa,DWG To PDF.pc3,ISO без полей A4 (297.00 x 210.00 мм),1:1,
R:\Объекты Кап. Ремонты\Московская школа 2026 ОЭК\429 5-я ул Соколиной горы 14_Инд проект\5.1 РД\5.5.4  СКТ система кабельного телевидения\Вер. 1\ред. формат\_3 16-25-Г-П-ИОС5.4 ГЧ.dwg,4.ПРС,17.06.2026 11:00:30,Panfilov.pa,DWG To PDF.pc3,ISO без полей A2 (594.00 x 420.00 мм),1:1,
R:\Объекты Кап. Ремонты\Московская школа 2026 ОЭК\429 5-я ул Соколиной горы 14_Инд проект\5.1 РД\5.5.4  СКТ система кабельного телевидения\Вер. 1\ред. формат\_3 16-25-Г-П-ИОС5.4 ГЧ.dwg,5.СхЭлПит,17.06.2026 11:00:30,Panfilov.pa,DWG To PDF.pc3,ISO без полей A3 (420.00 x 297.00 мм),1:1,
R:\Объекты Кап. Ремонты\Московская школа 2026 ОЭК\429 5-я ул Соколиной горы 14_Инд проект\5.1 РД\5.5.4  СКТ система кабельного телевидения\Вер. 1\ред. формат\_3 16-25-Г-П-ИОС5.4 ГЧ.dwg,6. подвал,17.06.2026 11:00:31,Panfilov.pa,DWG To PDF.pc3,ISO без полей A0 (841.00 x 1189.00 мм),1:1,
R:\Объекты Кап. Ремонты\Московская школа 2026 ОЭК\429 5-я ул Соколиной горы 14_Инд проект\5.1 РД\5.5.4  СКТ система кабельного телевидения\Вер. 1\ред. формат\_3 16-25-Г-П-ИОС5.4 ГЧ.dwg,7. 1 этаж,17.06.2026 11:00:32,Panfilov.pa,DWG To PDF.pc3,ISO без полей A0 (841.00 x 1189.00 мм),1:1,
R:\Объекты Кап. Ремонты\Московская школа 2026 ОЭК\429 5-я ул Соколиной горы 14_Инд проект\5.1 РД\5.5.4  СКТ система кабельного телевидения\Вер. 1\ред. формат\_3 16-25-Г-П-ИОС5.4 ГЧ.dwg,8.2 этаж,17.06.2026 11:00:34,Panfilov.pa,DWG To PDF.pc3,ISO без полей A0 (841.00 x 1189.00 мм),1:1,
R:\Объекты Кап. Ремонты\Московская школа 2026 ОЭК\429 5-я ул Соколиной горы 14_Инд проект\5.1 РД\5.5.4  СКТ система кабельного телевидения\Вер. 1\ред. формат\_3 16-25-Г-П-ИОС5.4 ГЧ.dwg,9.3 этаж,17.06.2026 11:00:35,Panfilov.pa,DWG To PDF.pc3,ISO без полей A0 (841.00 x 1189.00 мм),1:1,
R:\Объекты Кап. Ремонты\Московская школа 2026 ОЭК\429 5-я ул Соколиной горы 14_Инд проект\5.1 РД\5.5.4  СКТ система кабельного телевидения\Вер. 1\ред. формат\_3 16-25-Г-П-ИОС5.4 ГЧ.dwg,10.4 этаж,17.06.2026 11:00:36,Panfilov.pa,DWG To PDF.pc3,ISO без полей A0 (841.00 x 1189.00 мм),1:1,
R:\Объекты Кап. Ремонты\Московская школа 2026 ОЭК\429 5-я ул Соколиной горы 14_Инд проект\5.1 РД\5.5.4  СКТ система кабельного телевидения\Вер. 1\ред. формат\_3 16-25-Г-П-ИОС5.4 ГЧ.dwg,11.тех. этаж,17.06.2026 11:00:37,Panfilov.pa,DWG To PDF.pc3,ISO без полей A0 (841.00 x 1189.00 мм),1:1,
R:\Объекты Кап. Ремонты\Московская школа 2026 ОЭК\429 5-я ул Соколиной горы 14_Инд проект\5.1 РД\5.5.4  СКТ система кабельного телевидения\Вер. 1\ред. формат\_3 16-25-Г-П-ИОС5.4 ГЧ.dwg,12.кровля,17.06.2026 11:00:38,Panfilov.pa,DWG To PDF.pc3,ISO без полей A0 (841.00 x 1189.00 мм),1:1,
R:\Объекты Кап. Ремонты\Московская школа 2026 ОЭК\429 5-я ул Соколиной горы 14_Инд проект\5.1 РД\5.5.4  СКТ система кабельного телевидения\Вер. 1\ред. формат\_3 16-25-Г-П-ИОС5.4 ГЧ.dwg,13.МиниГС,17.06.2026 11:00:39,Panfilov.pa,DWG To PDF.pc3,ISO без полей A4 (297.00 x 210.00 мм),1:1,
R:\Объекты Кап. Ремонты\Московская школа 2026 ОЭК\429 5-я ул Соколиной горы 14_Инд проект\5.1 РД\5.5.4  СКТ система кабельного телевидения\Вер. 1\ред. формат\_3 16-25-Г-П-ИОС5.4 ГЧ.dwg,1.ОД,17.06.2026 11:09:44,Panfilov.pa,DWG To PDF.pc3,ISO без полей A3 (420.00 x 297.00 мм),1:1,
R:\Объекты Кап. Ремонты\Московская школа 2026 ОЭК\429 5-я ул Соколиной горы 14_Инд проект\5.1 РД\5.5.4  СКТ система кабельного телевидения\Вер. 1\ред. формат\_3 16-25-Г-П-ИОС5.4 ГЧ.dwg,2.ЗДей,17.06.2026 11:09:45,Panfilov.pa,DWG To PDF.pc3,ISO без полей A2 (420.00 x 594.00 мм),1:1,
R:\Объекты Кап. Ремонты\Московская школа 2026 ОЭК\429 5-я ул Соколиной горы 14_Инд проект\5.1 РД\5.5.4  СКТ система кабельного телевидения\Вер. 1\ред. формат\_3 16-25-Г-П-ИОС5.4 ГЧ.dwg,3.УГО,17.06.2026 11:09:46,Panfilov.pa,DWG To PDF.pc3,ISO без полей A4 (297.00 x 210.00 мм),1:1,
R:\Объекты Кап. Ремонты\Московская школа 2026 ОЭК\429 5-я ул Соколиной горы 14_Инд проект\5.1 РД\5.5.4  СКТ система кабельного телевидения\Вер. 1\ред. формат\_3 16-25-Г-П-ИОС5.4 ГЧ.dwg,4.ПРС,17.06.2026 11:09:46,Panfilov.pa,DWG To PDF.pc3,ISO без полей A2 (594.00 x 420.00 мм),1:1,
R:\Объекты Кап. Ремонты\Московская школа 2026 ОЭК\429 5-я ул Соколиной горы 14_Инд проект\5.1 РД\5.5.4  СКТ система кабельного телевидения\Вер. 1\ред. формат\_3 16-25-Г-П-ИОС5.4 ГЧ.dwg,5.СхЭлПит,17.06.2026 11:09:46,Panfilov.pa,DWG To PDF.pc3,ISO без полей A3 (420.00 x 297.00 мм),1:1,
R:\Объекты Кап. Ремонты\Московская школа 2026 ОЭК\429 5-я ул Соколиной горы 14_Инд проект\5.1 РД\5.5.4  СКТ система кабельного телевидения\Вер. 1\ред. формат\_3 16-25-Г-П-ИОС5.4 ГЧ.dwg,6. подвал,17.06.2026 11:09:47,Panfilov.pa,DWG To PDF.pc3,ISO без полей A0 (841.00 x 1189.00 мм),1:1,
R:\Объекты Кап. Ремонты\Московская школа 2026 ОЭК\429 5-я ул Соколиной горы 14_Инд проект\5.1 РД\5.5.4  СКТ система кабельного телевидения\Вер. 1\ред. формат\_3 16-25-Г-П-ИОС5.4 ГЧ.dwg,7. 1 этаж,17.06.2026 11:09:48,Panfilov.pa,DWG To PDF.pc3,ISO без полей A0 (841.00 x 1189.00 мм),1:1,
R:\Объекты Кап. Ремонты\Московская школа 2026 ОЭК\429 5-я ул Соколиной горы 14_Инд проект\5.1 РД\5.5.4  СКТ система кабельного телевидения\Вер. 1\ред. формат\_3 16-25-Г-П-ИОС5.4 ГЧ.dwg,8.2 этаж,17.06.2026 11:09:50,Panfilov.pa,DWG To PDF.pc3,ISO без полей A0 (841.00 x 1189.00 мм),1:1,
R:\Объекты Кап. Ремонты\Московская школа 2026 ОЭК\429 5-я ул Соколиной горы 14_Инд проект\5.1 РД\5.5.4  СКТ система кабельного телевидения\Вер. 1\ред. формат\_3 16-25-Г-П-ИОС5.4 ГЧ.dwg,9.3 этаж,17.06.2026 11:09:51,Panfilov.pa,DWG To PDF.pc3,ISO без полей A0 (841.00 x 1189.00 мм),1:1,
R:\Объекты Кап. Ремонты\Московская школа 2026 ОЭК\429 5-я ул Соколиной горы 14_Инд проект\5.1 РД\5.5.4  СКТ система кабельного телевидения\Вер. 1\ред. формат\_3 16-25-Г-П-ИОС5.4 ГЧ.dwg,10.4 этаж,17.06.2026 11:09:52,Panfilov.pa,DWG To PDF.pc3,ISO без полей A0 (841.00 x 1189.00 мм),1:1,
R:\Объекты Кап. Ремонты\Московская школа 2026 ОЭК\429 5-я ул Соколиной горы 14_Инд проект\5.1 РД\5.5.4  СКТ система кабельного телевидения\Вер. 1\ред. формат\_3 16-25-Г-П-ИОС5.4 ГЧ.dwg,11.тех. этаж,17.06.2026 11:09:54,Panfilov.pa,DWG To PDF.pc3,ISO без полей A0 (841.00 x 1189.00 мм),1:1,
R:\Объекты Кап. Ремонты\Московская школа 2026 ОЭК\429 5-я ул Соколиной горы 14_Инд проект\5.1 РД\5.5.4  СКТ система кабельного телевидения\Вер. 1\ред. формат\_3 16-25-Г-П-ИОС5.4 ГЧ.dwg,12.кровля,17.06.2026 11:09:54,Panfilov.pa,DWG To PDF.pc3,ISO без полей A0 (841.00 x 1189.00 мм),1:1,
R:\Объекты Кап. Ремонты\Московская школа 2026 ОЭК\429 5-я ул Соколиной горы 14_Инд проект\5.1 РД\5.5.4  СКТ система кабельного телевидения\Вер. 1\ред. формат\_3 16-25-Г-П-ИОС5.4 ГЧ.dwg,13.МиниГС,17.06.2026 11:09:55,Panfilov.pa,DWG To PDF.pc3,ISO без полей A4 (297.00 x 210.00 мм),1:1,
R:\Объекты Кап. Ремонты\Московская школа 2026 ОЭК\429 5-я ул Соколиной горы 14_Инд проект\5.1 РД\5.5.3  РТ, оповещ о ЧС Радиотрансляцилнная сеть, оповещ о ЧС\Вер. 1\ред. формат\_3 16-25-Г-П-ИОС5.3 ГЧ.dwg,1.ОД,17.06.2026 11:11:02,Panfilov.pa,DWG To PDF.pc3,ISO без полей A3 (420.00 x 297.00 мм),1:1,
R:\Объекты Кап. Ремонты\Московская школа 2026 ОЭК\429 5-я ул Соколиной горы 14_Инд проект\5.1 РД\5.5.3  РТ, оповещ о ЧС Радиотрансляцилнная сеть, оповещ о ЧС\Вер. 1\ред. формат\_3 16-25-Г-П-ИОС5.3 ГЧ.dwg,2. ЗДей,17.06.2026 11:11:02,Panfilov.pa,DWG To PDF.pc3,ISO без полей A2 (420.00 x 594.00 мм),1:1,
R:\Объекты Кап. Ремонты\Московская школа 2026 ОЭК\429 5-я ул Соколиной горы 14_Инд проект\5.1 РД\5.5.3  РТ, оповещ о ЧС Радиотрансляцилнная сеть, оповещ о ЧС\Вер. 1\ред. формат\_3 16-25-Г-П-ИОС5.3 ГЧ.dwg,3. УГО,17.06.2026 11:11:04,Panfilov.pa,DWG To PDF.pc3,ISO без полей A4 (297.00 x 210.00 мм),1:1,
R:\Объекты Кап. Ремонты\Московская школа 2026 ОЭК\429 5-я ул Соколиной горы 14_Инд проект\5.1 РД\5.5.3  РТ, оповещ о ЧС Радиотрансляцилнная сеть, оповещ о ЧС\Вер. 1\ред. формат\_3 16-25-Г-П-ИОС5.3 ГЧ.dwg,4. ПРС,17.06.2026 11:11:04,Panfilov.pa,DWG To PDF.pc3,ISO без полей A2 (594.00 x 420.00 мм),1:1,
R:\Объекты Кап. Ремонты\Московская школа 2026 ОЭК\429 5-я ул Соколиной горы 14_Инд проект\5.1 РД\5.5.3  РТ, оповещ о ЧС Радиотрансляцилнная сеть, оповещ о ЧС\Вер. 1\ред. формат\_3 16-25-Г-П-ИОС5.3 ГЧ.dwg,5. СхЭлПит,17.06.2026 11:11:05,Panfilov.pa,DWG To PDF.pc3,ISO без полей A2 (594.00 x 420.00 мм),1:1,
R:\Объекты Кап. Ремонты\Московская школа 2026 ОЭК\429 5-я ул Соколиной горы 14_Инд проект\5.1 РД\5.5.3  РТ, оповещ о ЧС Радиотрансляцилнная сеть, оповещ о ЧС\Вер. 1\ред. формат\_3 16-25-Г-П-ИОС5.3 ГЧ.dwg,6. подвал,17.06.2026 11:11:05,Panfilov.pa,DWG To PDF.pc3,ISO без полей A0 (841.00 x 1189.00 мм),1:1,
R:\Объекты Кап. Ремонты\Московская школа 2026 ОЭК\429 5-я ул Соколиной горы 14_Инд проект\5.1 РД\5.5.3  РТ, оповещ о ЧС Радиотрансляцилнная сеть, оповещ о ЧС\Вер. 1\ред. формат\_3 16-25-Г-П-ИОС5.3 ГЧ.dwg,7. 1 этаж,17.06.2026 11:11:06,Panfilov.pa,DWG To PDF.pc3,ISO без полей A0 (841.00 x 1189.00 мм),1:1,
R:\Объекты Кап. Ремонты\Московская школа 2026 ОЭК\429 5-я ул Соколиной горы 14_Инд проект\5.1 РД\5.5.3  РТ, оповещ о ЧС Радиотрансляцилнная сеть, оповещ о ЧС\Вер. 1\ред. формат\_3 16-25-Г-П-ИОС5.3 ГЧ.dwg,8. 2 этаж,17.06.2026 11:11:08,Panfilov.pa,DWG To PDF.pc3,ISO без полей A0 (841.00 x 1189.00 мм),1:1,
R:\Объекты Кап. Ремонты\Московская школа 2026 ОЭК\429 5-я ул Соколиной горы 14_Инд проект\5.1 РД\5.5.3  РТ, оповещ о ЧС Радиотрансляцилнная сеть, оповещ о ЧС\Вер. 1\ред. формат\_3 16-25-Г-П-ИОС5.3 ГЧ.dwg,9. 3 этаж,17.06.2026 11:11:09,Panfilov.pa,DWG To PDF.pc3,ISO без полей A0 (841.00 x 1189.00 мм),1:1,
R:\Объекты Кап. Ремонты\Московская школа 2026 ОЭК\429 5-я ул Соколиной горы 14_Инд проект\5.1 РД\5.5.3  РТ, оповещ о ЧС Радиотрансляцилнная сеть, оповещ о ЧС\Вер. 1\ред. формат\_3 16-25-Г-П-ИОС5.3 ГЧ.dwg,10. 4 этаж,17.06.2026 11:11:11,Panfilov.pa,DWG To PDF.pc3,ISO без полей A0 (841.00 x 1189.00 мм),1:1,
R:\Объекты Кап. Ремонты\Московская школа 2026 ОЭК\429 5-я ул Соколиной горы 14_Инд проект\5.1 РД\5.5.3  РТ, оповещ о ЧС Радиотрансляцилнная сеть, оповещ о ЧС\Вер. 1\ред. формат\_3 16-25-Г-П-ИОС5.3 ГЧ.dwg,9. тех. этаж,17.06.2026 11:11:12,Panfilov.pa,DWG To PDF.pc3,ISO без полей A0 (841.00 x 1189.00 мм),1:1,
R:\Объекты Кап. Ремонты\Московская школа 2026 ОЭК\429 5-я ул Соколиной горы 14_Инд проект\5.1 РД\5.5.3  РТ, оповещ о ЧС Радиотрансляцилнная сеть, оповещ о ЧС\Вер. 1\ред. формат\_3 16-25-Г-П-ИОС5.3 ГЧ.dwg,10. кровля,17.06.2026 11:11:13,Panfilov.pa,DWG To PDF.pc3,ISO без полей A0 (841.00 x 1189.00 мм),1:1,
R:\Объекты Кап. Ремонты\Московская школа 2026 ОЭК\429 5-я ул Соколиной горы 14_Инд проект\5.1 РД\5.5.3  РТ, оповещ о ЧС Радиотрансляцилнная сеть, оповещ о ЧС\Вер. 1\ред. формат\_3 16-25-Г-П-ИОС5.3 ГЧ.dwg,11.СхКомО,17.06.2026 11:11:13,Panfilov.pa,DWG To PDF.pc3,ISO без полей A2 (594.00 x 420.00 мм),1:1,
R:\Объекты Кап. Ремонты\Московская школа 2026 ОЭК\429 5-я ул Соколиной горы 14_Инд проект\5.1 РД\5.5.3  РТ, оповещ о ЧС Радиотрансляцилнная сеть, оповещ о ЧС\Вер. 1\ред. формат\_3 16-25-Г-П-ИОС5.3 ГЧ.dwg,12. ОСПИ Тандем,17.06.2026 11:11:14,Panfilov.pa,DWG To PDF.pc3,ISO без полей A3 (420.00 x 297.00 мм),1:1,
R:\Объекты Кап. Ремонты\Московская школа 2026 ОЭК\429 5-я ул Соколиной горы 14_Инд проект\5.1 РД\5.5.3  РТ, оповещ о ЧС Радиотрансляцилнная сеть, оповещ о ЧС\Вер. 1\ред. формат\_3 16-25-Г-П-ИОС5.3 ГЧ.dwg,13. УС-1,17.06.2026 11:11:14,Panfilov.pa,DWG To PDF.pc3,ISO без полей A4 (210.00 x 297.00 мм),1:1,
R:\Объекты Кап. Ремонты\Московская школа 2026 ОЭК\429 5-я ул Соколиной горы 14_Инд проект\5.1 РД\5.5.3  РТ, оповещ о ЧС Радиотрансляцилнная сеть, оповещ о ЧС\Вер. 1\ред. формат\_3 16-25-Г-П-ИОС5.3 ГЧ.dwg,14. УППВ,17.06.2026 11:11:15,Panfilov.pa,DWG To PDF.pc3,ISO без полей A3 (420.00 x 297.00 мм),1:1,
R:\Объекты Кап. Ремонты\Московская школа 2026 ОЭК\429 5-я ул Соколиной горы 14_Инд проект\5.1 РД\5.5.3  РТ, оповещ о ЧС Радиотрансляцилнная сеть, оповещ о ЧС\Вер. 1\ред. формат\_3 16-25-Г-П-ИОС5.3 ГЧ.dwg,15. Узлы кр,17.06.2026 11:11:16,Panfilov.pa,DWG To PDF.pc3,ISO без полей A4 (210.00 x 297.00 мм),1:1,
C:\Users\Panfilov.pa\Desktop\салтыковка\РД042615 Смысловая 226 БЦ Дом Чкалов Москва СКС.dwg,Т1,19.06.2026 10:55:31,Panfilov.pa,DWG To PDF.pc3,ISO без полей A4 (210.00 x 297.00 мм),1:1,
C:\Users\Panfilov.pa\Desktop\салтыковка\РД042615 Смысловая 226 БЦ Дом Чкалов Москва СКС.dwg,Т2,19.06.2026 10:55:32,Panfilov.pa,DWG To PDF.pc3,ISO без полей A4 (210.00 x 297.00 мм),1:1,
C:\Users\Panfilov.pa\Desktop\салтыковка\РД042615 Смысловая 226 БЦ Дом Чкалов Москва СКС.dwg,ОД1,19.06.2026 10:55:32,Panfilov.pa,DWG To PDF.pc3,ISO без полей A3 (420.00 x 297.00 мм),1:1,
C:\Users\Panfilov.pa\Desktop\салтыковка\РД042615 Смысловая 226 БЦ Дом Чкалов Москва СКС.dwg,ОД2,19.06.2026 10:55:33,Panfilov.pa,DWG To PDF.pc3,ISO без полей A3 (420.00 x 297.00 мм),1:1,
C:\Users\Panfilov.pa\Desktop\салтыковка\РД042615 Смысловая 226 БЦ Дом Чкалов Москва СКС.dwg,УГО3,19.06.2026 10:55:33,Panfilov.pa,DWG To PDF.pc3,ISO без полей A4 (297.00 x 210.00 мм),1:1,
C:\Users\Panfilov.pa\Desktop\салтыковка\РД042615 Смысловая 226 БЦ Дом Чкалов Москва СКС.dwg,СТР4,19.06.2026 10:55:34,Panfilov.pa,DWG To PDF.pc3,ISO без полей A3 (420.00 x 297.00 мм),1:1,
C:\Users\Panfilov.pa\Desktop\салтыковка\РД042615 Смысловая 226 БЦ Дом Чкалов Москва СКС.dwg,П5,19.06.2026 10:55:34,Panfilov.pa,DWG To PDF.pc3,ISO без полей A2 (594.00 x 420.00 мм),1:1,
C:\Users\Panfilov.pa\Desktop\салтыковка\РД042615 Смысловая 226 БЦ Дом Чкалов Москва СКС.dwg,П6,19.06.2026 10:55:35,Panfilov.pa,DWG To PDF.pc3,ISO без полей A2 (594.00 x 420.00 мм),1:1,
C:\Users\Panfilov.pa\Desktop\салтыковка\РД042615 Смысловая 226 БЦ Дом Чкалов Москва СКС.dwg,П7,19.06.2026 10:55:36,Panfilov.pa,DWG To PDF.pc3,ISO без полей A2 (594.00 x 420.00 мм),1:1,
C:\Users\Panfilov.pa\Desktop\салтыковка\РД042615 Смысловая 226 БЦ Дом Чкалов Москва СКС.dwg,П8,19.06.2026 10:55:36,Panfilov.pa,DWG To PDF.pc3,ISO без полей A2 (594.00 x 420.00 мм),1:1,
C:\Users\Panfilov.pa\Desktop\салтыковка\РД042615 Смысловая 226 БЦ Дом Чкалов Москва СКС.dwg,П9,19.06.2026 10:55:37,Panfilov.pa,DWG To PDF.pc3,ISO без полей A2 (594.00 x 420.00 мм),1:1,
C:\Users\Panfilov.pa\Desktop\салтыковка\РД042615 Смысловая 226 БЦ Дом Чкалов Москва СКС.dwg,СХ10,19.06.2026 10:55:37,Panfilov.pa,DWG To PDF.pc3,ISO без полей A4 (210.00 x 297.00 мм),1:1,
C:\Users\Panfilov.pa\Desktop\салтыковка\РД042615 Смысловая 226 БЦ Дом Чкалов Москва СКС.dwg,СХ11,19.06.2026 10:55:38,Panfilov.pa,DWG To PDF.pc3,ISO без полей A4 (210.00 x 297.00 мм),1:1,
C:\Users\Panfilov.pa\Desktop\салтыковка\РД042615 Смысловая 226 БЦ Дом Чкалов Москва СКС.dwg,СХ12,19.06.2026 10:55:38,Panfilov.pa,DWG To PDF.pc3,ISO без полей A3 (420.00 x 297.00 мм),1:1,
C:\Users\Panfilov.pa\Desktop\салтыковка\РД042615 Смысловая 226 БЦ Дом Чкалов Москва СКС.dwg,СХ13,19.06.2026 10:55:39,Panfilov.pa,DWG To PDF.pc3,ISO без полей A3 (297.00 x 420.00 мм),1:1,
C:\Users\Panfilov.pa\Desktop\салтыковка\РД042615 Смысловая 226 БЦ Дом Чкалов Москва СКС.dwg,СХ14,19.06.2026 10:55:39,Panfilov.pa,DWG To PDF.pc3,ISO без полей A4 (210.00 x 297.00 мм),1:1,
C:\Users\Panfilov.pa\Desktop\салтыковка\РД042615 Смысловая 226 БЦ Дом Чкалов Москва СКС.dwg,СО1,19.06.2026 10:55:40,Panfilov.pa,DWG To PDF.pc3,ISO без полей A3 (420.00 x 297.00 мм),1:1,
C:\Users\Panfilov.pa\Desktop\салтыковка\РД042615 Смысловая 226 БЦ Дом Чкалов Москва СКС.dwg,СО2,19.06.2026 10:55:40,Panfilov.pa,DWG To PDF.pc3,ISO без полей A3 (420.00 x 297.00 мм),1:1,
C:\Users\Panfilov.pa\Desktop\салтыковка\РД042615 Смысловая 226 БЦ Дом Чкалов Москва СКС.dwg,КЖ1,19.06.2026 10:55:41,Panfilov.pa,DWG To PDF.pc3,ISO без полей A3 (420.00 x 297.00 мм),1:1,
C:\Users\Panfilov.pa\Desktop\салтыковка\РД042615 Смысловая 226 БЦ Дом Чкалов Москва СКС.dwg,КЖ2,19.06.2026 10:55:41,Panfilov.pa,DWG To PDF.pc3,ISO без полей A3 (420.00 x 297.00 мм),1:1,
C:\Users\Panfilov.pa\Desktop\салтыковка\РД042615 Смысловая 226 БЦ Дом Чкалов Москва СКС.dwg,КЖ3,19.06.2026 10:55:42,Panfilov.pa,DWG To PDF.pc3,ISO без полей A3 (420.00 x 297.00 мм),1:1,
